// Jest Snapshot v1, https://goo.gl/fbAQLP

exports[`ApplicationInstanceReport should render application instance report 1`] = `
<span>
  No host
</span>
`;
