// Jest Snapshot v1, https://goo.gl/fbAQLP

exports[`EasyHeaderFormatter should render add parameter 1`] = `""`;
