// Jest Snapshot v1, https://goo.gl/fbAQLP

exports[`helper formats a nice, easy header 1`] = `
<TableHeading
  align=""
  aria-label="TheLabel"
  className=""
  p1="1"
  sort={false}
  sortDirection=""
>
  MyValue
</TableHeading>
`;
